Starting Browser Integration Tests...
Target: http://localhost:5173
Headless: false

--- 1. User Registration ---
Registering User: browser-user-45e600d0-4f7a-4b19-9ae9-f9b43b9d6836@test.com
PAGE LOG: Request finished: http://localhost:5173/ [200]
PAGE LOG: Request finished: http://localhost:5173/index.tsx?t=1764865183354 [200]
PAGE LOG: Request finished: http://localhost:5173/@vite/client [200]
PAGE LOG: Request finished: http://localhost:5173/node_modules/.vite/deps/react.js?v=a392439e [200]
PAGE LOG: Request finished: http://localhost:5173/@react-refresh [200]
PAGE LOG: Request finished: http://localhost:5173/node_modules/.vite/deps/react_jsx-dev-runtime.js?v=a392439e [200]
PAGE LOG: Request finished: http://localhost:5173/node_modules/@ionic/react/css/core.css [200]
PAGE LOG: Request finished: http://localhost:5173/node_modules/@ionic/react/css/typography.css [200]
PAGE LOG: Request finished: http://localhost:5173/node_modules/@ionic/react/css/normalize.css [200]
PAGE LOG: Request finished: http://localhost:5173/node_modules/@ionic/react/css/structure.css [200]
PAGE LOG: Request finished: http://localhost:5173/App.tsx?t=1764865183354 [200]
PAGE LOG: Request finished: http://localhost:5173/index.css?t=1764865183354 [200]
PAGE LOG: Request finished: http://localhost:5173/node_modules/@ionic/react/css/padding.css [200]
PAGE LOG: Request finished: http://localhost:5173/node_modules/@ionic/react/css/palettes/dark.always.css [200]
PAGE LOG: Request finished: http://localhost:5173/node_modules/vite/dist/client/env.mjs [200]
PAGE LOG: [vite] connecting...
PAGE LOG: Request finished: http://localhost:5173/node_modules/.vite/deps/react-dom_client.js?v=48a30766 [200]
PAGE LOG: Request finished: http://localhost:5173/node_modules/.vite/deps/chunk-73IIIP4P.js?v=5f2ec0a8 [200]
PAGE LOG: Request finished: http://localhost:5173/node_modules/.vite/deps/react-hot-toast.js?v=0008afbe [200]
PAGE LOG: Request finished: http://localhost:5173/node_modules/.vite/deps/chunk-SP2VGER4.js?v=5f2ec0a8 [200]
PAGE LOG: Request finished: http://localhost:5173/components/BannerMessage.tsx?t=1764864530946 [200]
PAGE LOG: Request finished: http://localhost:5173/hooks/useLogger.ts?t=1764864530946 [200]
PAGE LOG: Request finished: http://localhost:5173/components/Header.tsx?t=1764864530946 [200]
PAGE LOG: Request finished: http://localhost:5173/components/dashboard/Countdown.tsx [200]
PAGE LOG: Request finished: http://localhost:5173/components/dashboard/Leaderboard.tsx?t=1764864530946 [200]
PAGE LOG: Request finished: http://localhost:5173/hooks/useAuth.tsx?t=1764864530946 [200]
PAGE LOG: Request finished: http://localhost:5173/components/dashboard/ChallengeIntro.tsx [200]
PAGE LOG: Request finished: http://localhost:5173/types.ts [200]
PAGE LOG: Request finished: http://localhost:5173/components/TicketStatus.tsx?t=1764864530946 [200]
PAGE LOG: Request finished: http://localhost:5173/components/SupportForm.tsx?t=1764864530946 [200]
PAGE LOG: Request finished: http://localhost:5173/services/api.ts?t=1764864530946 [200]
PAGE LOG: Request finished: http://localhost:5173/node_modules/.vite/deps/@capacitor_core.js?v=722e4559 [200]
PAGE LOG: Request finished: http://localhost:5173/node_modules/.vite/deps/@capacitor_app.js?v=85bcb141 [200]
PAGE LOG: Request finished: http://localhost:5173/node_modules/.vite/deps/@capacitor_status-bar.js?v=7b158f7f [200]
PAGE LOG: Request finished: http://localhost:5173/components/ui/AddToHomeScreen.tsx [200]
PAGE LOG: Request finished: http://localhost:5173/components/dashboard/DailyMessage.tsx [200]
PAGE LOG: Request finished: http://localhost:5173/components/dashboard/ScoringCriteria.tsx?t=1764864530946 [200]
PAGE LOG: [vite] connected.
PAGE LOG: Request finished: http://localhost:5173/node_modules/.vite/deps/@capacitor_push-notifications.js?v=2333eb6b [200]
PAGE LOG: Request finished: http://localhost:5173/node_modules/.vite/deps/@capawesome_capacitor-badge.js?v=c4ace29b [200]
PAGE LOG: Request finished: http://localhost:5173/hooks/useDevToolsDetection.ts?t=1764864530946 [200]
PAGE LOG: Request finished: http://localhost:5173/node_modules/.vite/deps/@ionic_react.js?v=82568fd1 [200]
PAGE LOG: Request finished: http://localhost:5173/node_modules/.vite/deps/chunk-BDA3D33O.js?v=5f2ec0a8 [200]
PAGE LOG: Request finished: http://localhost:5173/components/auth/AuthModal.tsx?t=1764864530946 [200]
PAGE LOG: Request finished: http://localhost:5173/constants.tsx [200]
PAGE LOG: Request finished: http://localhost:5173/components/ui/Tooltip.tsx [200]
PAGE LOG: Request finished: http://localhost:5173/utils/storage.ts [200]
PAGE LOG: Request finished: http://localhost:5173/node_modules/.vite/deps/chunk-NXBGYFMC.js?v=5f2ec0a8 [200]
PAGE LOG: Request finished: http://localhost:5173/node_modules/.vite/deps/react-markdown.js?v=ffca9361 [200]
PAGE LOG: Request finished: http://localhost:5173/node_modules/.vite/deps/chunk-QTFJGRZD.js?v=5f2ec0a8 [200]
PAGE LOG: Request finished: http://localhost:5173/hooks/usePushNotifications.ts?t=1764864530946 [200]
PAGE LOG: Request finished: http://localhost:5173/node_modules/.vite/deps/chunk-GZP7N4YX.js?v=5f2ec0a8 [200]
PAGE LOG: Request finished: http://localhost:5173/node_modules/.vite/deps/chunk-P7YIWC25.js?v=5f2ec0a8 [200]
PAGE LOG: Request finished: http://localhost:5173/node_modules/.vite/deps/chunk-TQ7S3QVG.js?v=5f2ec0a8 [200]
PAGE LOG: Request finished: http://localhost:5173/node_modules/.vite/deps/chunk-EBEHQ7IR.js?v=5f2ec0a8 [200]
PAGE LOG: Request finished: http://localhost:5173/node_modules/.vite/deps/chunk-4ZVYJMML.js?v=5f2ec0a8 [200]
PAGE LOG: Request finished: http://localhost:5173/node_modules/.vite/deps/chunk-VBB4JV5O.js?v=5f2ec0a8 [200]
PAGE LOG: Request finished: http://localhost:5173/node_modules/.vite/deps/chunk-TISP66PC.js?v=5f2ec0a8 [200]
PAGE LOG: Request finished: http://localhost:5173/node_modules/.vite/deps/chunk-D76YSSFG.js?v=5f2ec0a8 [200]
PAGE LOG: Request finished: http://localhost:5173/node_modules/.vite/deps/chunk-T33IZBMJ.js?v=5f2ec0a8 [200]
PAGE LOG: Request finished: http://localhost:5173/node_modules/.vite/deps/chunk-KLHTZT3M.js?v=5f2ec0a8 [200]
PAGE LOG: Request finished: http://localhost:5173/node_modules/.vite/deps/chunk-MGY5R4J2.js?v=5f2ec0a8 [200]
PAGE LOG: Request finished: http://localhost:5173/node_modules/.vite/deps/chunk-J3UUO3PK.js?v=5f2ec0a8 [200]
PAGE LOG: Request finished: http://localhost:5173/node_modules/.vite/deps/chunk-BSVKEP3M.js?v=5f2ec0a8 [200]
PAGE LOG: Request finished: http://localhost:5173/node_modules/.vite/deps/@capacitor_preferences.js?v=ff3c7ef9 [200]
PAGE LOG: Request finished: http://localhost:5173/node_modules/.vite/deps/chunk-JCYSNBKQ.js?v=5f2ec0a8 [200]
PAGE LOG: Request finished: http://localhost:5173/components/ui/Modal.tsx [200]
PAGE LOG: Request finished: http://localhost:5173/node_modules/.vite/deps/react-dom.js?v=a392439e [200]
PAGE LOG: %cDownload the React DevTools for a better development experience: https://react.dev/link/react-devtools font-weight:bold
PAGE LOG: Request finished: http://localhost:6144/api/log [204]
PAGE LOG: Request finished: http://localhost:6144/api/log [204]
PAGE LOG: Request finished: http://localhost:5173/vite.svg [200]
PAGE LOG: Request failed: http://localhost:6144/api/log - net::ERR_ABORTED
PAGE LOG: Request finished: http://localhost:5173/node_modules/.vite/deps/web-6UNTRZ7S.js?v=5f2ec0a8 [200]
PAGE LOG: Request finished: http://localhost:5173/node_modules/.vite/deps/index3-57CUDBWR.js?v=5f2ec0a8 [200]
PAGE LOG: Request finished: http://localhost:5173/node_modules/.vite/deps/hardware-back-button-OBXVYO2T.js?v=5f2ec0a8 [200]
PAGE LOG: Request finished: http://localhost:5173/node_modules/.vite/deps/index7-QRLHNNJU.js?v=5f2ec0a8 [200]
PAGE LOG: Request failed: http://localhost:6144/api/log - net::ERR_ABORTED
PAGE LOG: Request finished: http://localhost:5173/node_modules/.vite/deps/keyboard-UPSMLTPV.js?v=5f2ec0a8 [200]
PAGE LOG: Request finished: http://localhost:5173/node_modules/.vite/deps/focus-visible-CEOD4GZP.js?v=5f2ec0a8 [200]
PAGE LOG: Request finished: http://localhost:6144/api/challenge [200]
PAGE LOG: Request finished: http://localhost:6144/api/challenge [304]
PAGE LOG: Request finished: http://localhost:6144/api/signup [204]
PAGE LOG: Request finished: http://localhost:6144/api/signup [201]
PAGE LOG: Request finished: http://localhost:5173/ [304]
PAGE LOG: Request finished: http://localhost:5173/@vite/client [304]
PAGE LOG: Request finished: http://localhost:5173/index.tsx?t=1764865183354 [304]
PAGE LOG: Request finished: http://localhost:5173/node_modules/.vite/deps/react_jsx-dev-runtime.js?v=a392439e [200]
PAGE LOG: Request finished: http://localhost:5173/node_modules/.vite/deps/react.js?v=a392439e [200]
PAGE LOG: Request finished: http://localhost:5173/node_modules/.vite/deps/react-dom_client.js?v=48a30766 [200]
PAGE LOG: Request finished: http://localhost:5173/node_modules/.vite/deps/@ionic_react.js?v=82568fd1 [200]
PAGE LOG: Request finished: http://localhost:5173/node_modules/.vite/deps/chunk-SP2VGER4.js?v=5f2ec0a8 [200]
PAGE LOG: Request finished: http://localhost:5173/node_modules/.vite/deps/chunk-73IIIP4P.js?v=5f2ec0a8 [200]
PAGE LOG: Request finished: http://localhost:5173/node_modules/.vite/deps/chunk-BDA3D33O.js?v=5f2ec0a8 [200]
PAGE LOG: Request finished: http://localhost:5173/node_modules/.vite/deps/chunk-QTFJGRZD.js?v=5f2ec0a8 [200]
PAGE LOG: Request finished: http://localhost:5173/node_modules/.vite/deps/chunk-P7YIWC25.js?v=5f2ec0a8 [200]
PAGE LOG: Request finished: http://localhost:5173/node_modules/.vite/deps/chunk-GZP7N4YX.js?v=5f2ec0a8 [200]
PAGE LOG: Request finished: http://localhost:5173/node_modules/.vite/deps/chunk-TQ7S3QVG.js?v=5f2ec0a8 [200]
PAGE LOG: Request finished: http://localhost:5173/node_modules/.vite/deps/chunk-J3UUO3PK.js?v=5f2ec0a8 [200]
PAGE LOG: Request finished: http://localhost:5173/node_modules/.vite/deps/chunk-4ZVYJMML.js?v=5f2ec0a8 [200]
PAGE LOG: Request finished: http://localhost:5173/node_modules/.vite/deps/chunk-VBB4JV5O.js?v=5f2ec0a8 [200]
PAGE LOG: Request finished: http://localhost:5173/node_modules/.vite/deps/chunk-TISP66PC.js?v=5f2ec0a8 [200]
PAGE LOG: Request finished: http://localhost:5173/node_modules/.vite/deps/chunk-D76YSSFG.js?v=5f2ec0a8 [200]
PAGE LOG: Request finished: http://localhost:5173/node_modules/.vite/deps/chunk-EBEHQ7IR.js?v=5f2ec0a8 [200]
PAGE LOG: Request finished: http://localhost:5173/node_modules/.vite/deps/chunk-BSVKEP3M.js?v=5f2ec0a8 [200]
PAGE LOG: Request finished: http://localhost:5173/node_modules/.vite/deps/chunk-T33IZBMJ.js?v=5f2ec0a8 [200]
PAGE LOG: Request finished: http://localhost:5173/node_modules/.vite/deps/chunk-KLHTZT3M.js?v=5f2ec0a8 [200]
PAGE LOG: Request finished: http://localhost:5173/node_modules/.vite/deps/chunk-MGY5R4J2.js?v=5f2ec0a8 [200]
PAGE LOG: Request finished: http://localhost:5173/node_modules/.vite/deps/chunk-JCYSNBKQ.js?v=5f2ec0a8 [200]
PAGE LOG: Request finished: http://localhost:5173/@react-refresh [304]
PAGE LOG: Request finished: http://localhost:5173/node_modules/vite/dist/client/env.mjs [304]
PAGE LOG: Request finished: http://localhost:5173/App.tsx?t=1764865183354 [304]
PAGE LOG: Request finished: http://localhost:5173/index.css?t=1764865183354 [304]
PAGE LOG: Request finished: http://localhost:5173/node_modules/@ionic/react/css/normalize.css [304]
PAGE LOG: Request finished: http://localhost:5173/node_modules/.vite/deps/react-hot-toast.js?v=0008afbe [200]
PAGE LOG: Request finished: http://localhost:5173/node_modules/.vite/deps/@capacitor_core.js?v=722e4559 [200]
PAGE LOG: Request finished: http://localhost:5173/node_modules/.vite/deps/@capacitor_status-bar.js?v=7b158f7f [200]
PAGE LOG: Request finished: http://localhost:5173/node_modules/.vite/deps/@capacitor_app.js?v=85bcb141 [200]
PAGE LOG: Request finished: http://localhost:5173/node_modules/.vite/deps/@capacitor_push-notifications.js?v=2333eb6b [200]
PAGE LOG: Request finished: http://localhost:5173/node_modules/.vite/deps/@capawesome_capacitor-badge.js?v=c4ace29b [200]
PAGE LOG: Request finished: http://localhost:5173/node_modules/@ionic/react/css/structure.css [304]
PAGE LOG: Request finished: http://localhost:5173/node_modules/@ionic/react/css/core.css [304]
PAGE LOG: Request finished: http://localhost:5173/node_modules/@ionic/react/css/typography.css [304]
PAGE LOG: Request finished: http://localhost:5173/node_modules/@ionic/react/css/padding.css [304]
PAGE LOG: Request finished: http://localhost:5173/node_modules/.vite/deps/chunk-NXBGYFMC.js?v=5f2ec0a8 [200]
PAGE LOG: Request finished: http://localhost:5173/node_modules/@ionic/react/css/palettes/dark.always.css [304]
PAGE LOG: [vite] connecting...
PAGE LOG: Request finished: http://localhost:5173/components/BannerMessage.tsx?t=1764864530946 [304]
PAGE LOG: Request finished: http://localhost:5173/node_modules/.vite/deps/react-markdown.js?v=ffca9361 [200]
PAGE LOG: Request finished: http://localhost:5173/hooks/useAuth.tsx?t=1764864530946 [304]
PAGE LOG: Request finished: http://localhost:5173/components/dashboard/Leaderboard.tsx?t=1764864530946 [304]
PAGE LOG: Request finished: http://localhost:5173/components/SupportForm.tsx?t=1764864530946 [304]
PAGE LOG: Request finished: http://localhost:5173/components/dashboard/ChallengeIntro.tsx [304]
PAGE LOG: Request finished: http://localhost:5173/types.ts [304]
PAGE LOG: Request finished: http://localhost:5173/components/Header.tsx?t=1764864530946 [304]
PAGE LOG: Request finished: http://localhost:5173/components/dashboard/ScoringCriteria.tsx?t=1764864530946 [304]
PAGE LOG: Request finished: http://localhost:5173/components/ui/AddToHomeScreen.tsx [304]
PAGE LOG: Request finished: http://localhost:5173/services/api.ts?t=1764864530946 [304]
PAGE LOG: [vite] connected.
PAGE LOG: Request finished: http://localhost:5173/hooks/useLogger.ts?t=1764864530946 [304]
PAGE LOG: Request finished: http://localhost:5173/components/dashboard/Countdown.tsx [304]
PAGE LOG: Request finished: http://localhost:5173/components/TicketStatus.tsx?t=1764864530946 [304]
PAGE LOG: Request finished: http://localhost:5173/components/dashboard/DailyMessage.tsx [304]
PAGE LOG: Request finished: http://localhost:5173/hooks/useDevToolsDetection.ts?t=1764864530946 [304]
PAGE LOG: Request finished: http://localhost:5173/utils/storage.ts [304]
PAGE LOG: Request finished: http://localhost:5173/components/ui/Tooltip.tsx [304]
PAGE LOG: Request finished: http://localhost:5173/constants.tsx [304]
PAGE LOG: Request finished: http://localhost:5173/hooks/usePushNotifications.ts?t=1764864530946 [304]
PAGE LOG: Request finished: http://localhost:5173/components/auth/AuthModal.tsx?t=1764864530946 [304]
PAGE LOG: Request finished: http://localhost:5173/node_modules/.vite/deps/@capacitor_preferences.js?v=ff3c7ef9 [200]
PAGE LOG: Request finished: http://localhost:5173/components/ui/Modal.tsx [304]
PAGE LOG: Request finished: http://localhost:5173/node_modules/.vite/deps/react-dom.js?v=a392439e [200]
PAGE LOG: %cDownload the React DevTools for a better development experience: https://react.dev/link/react-devtools font-weight:bold
PAGE LOG: Request finished: http://localhost:5173/node_modules/.vite/deps/web-6UNTRZ7S.js?v=5f2ec0a8 [200]
PAGE LOG: Request finished: http://localhost:5173/node_modules/.vite/deps/index7-QRLHNNJU.js?v=5f2ec0a8 [200]
PAGE LOG: Request finished: http://localhost:5173/node_modules/.vite/deps/hardware-back-button-OBXVYO2T.js?v=5f2ec0a8 [200]
PAGE LOG: Request finished: http://localhost:5173/node_modules/.vite/deps/keyboard-UPSMLTPV.js?v=5f2ec0a8 [200]
PAGE LOG: Request finished: http://localhost:5173/node_modules/.vite/deps/focus-visible-CEOD4GZP.js?v=5f2ec0a8 [200]
PAGE LOG: Request finished: http://localhost:5173/vite.svg [304]
PAGE LOG: Request finished: http://localhost:5173/node_modules/.vite/deps/index3-57CUDBWR.js?v=5f2ec0a8 [200]
PAGE LOG: Request failed: http://localhost:6144/api/log - net::ERR_ABORTED
PAGE LOG: Request failed: http://localhost:6144/api/log - net::ERR_ABORTED
PAGE LOG: Request finished: http://localhost:6144/api/challenge [304]
PAGE LOG: Request finished: http://localhost:6144/api/challenge [304]
User verified in DB
Logging in...
PAGE LOG: Request finished: http://localhost:5173/ [304]
PAGE LOG: Request finished: http://localhost:5173/@vite/client [304]
PAGE LOG: Request finished: http://localhost:5173/index.tsx?t=1764865183354 [304]
PAGE LOG: Request finished: http://localhost:5173/node_modules/.vite/deps/react_jsx-dev-runtime.js?v=a392439e [200]
PAGE LOG: Request finished: http://localhost:5173/node_modules/.vite/deps/react.js?v=a392439e [200]
PAGE LOG: Request finished: http://localhost:5173/node_modules/.vite/deps/react-dom_client.js?v=48a30766 [200]
PAGE LOG: Request finished: http://localhost:5173/node_modules/.vite/deps/@ionic_react.js?v=82568fd1 [200]
PAGE LOG: Request finished: http://localhost:5173/node_modules/.vite/deps/chunk-SP2VGER4.js?v=5f2ec0a8 [200]
PAGE LOG: Request finished: http://localhost:5173/node_modules/.vite/deps/chunk-73IIIP4P.js?v=5f2ec0a8 [200]
PAGE LOG: Request finished: http://localhost:5173/node_modules/.vite/deps/chunk-BDA3D33O.js?v=5f2ec0a8 [200]
PAGE LOG: Request finished: http://localhost:5173/node_modules/.vite/deps/chunk-QTFJGRZD.js?v=5f2ec0a8 [200]
PAGE LOG: Request finished: http://localhost:5173/node_modules/.vite/deps/chunk-P7YIWC25.js?v=5f2ec0a8 [200]
PAGE LOG: Request finished: http://localhost:5173/node_modules/.vite/deps/chunk-GZP7N4YX.js?v=5f2ec0a8 [200]
PAGE LOG: Request finished: http://localhost:5173/node_modules/.vite/deps/chunk-TQ7S3QVG.js?v=5f2ec0a8 [200]
PAGE LOG: Request finished: http://localhost:5173/node_modules/.vite/deps/chunk-J3UUO3PK.js?v=5f2ec0a8 [200]
PAGE LOG: Request finished: http://localhost:5173/node_modules/.vite/deps/chunk-4ZVYJMML.js?v=5f2ec0a8 [200]
PAGE LOG: Request finished: http://localhost:5173/node_modules/.vite/deps/chunk-VBB4JV5O.js?v=5f2ec0a8 [200]
PAGE LOG: Request finished: http://localhost:5173/node_modules/.vite/deps/chunk-TISP66PC.js?v=5f2ec0a8 [200]
PAGE LOG: Request finished: http://localhost:5173/node_modules/.vite/deps/chunk-D76YSSFG.js?v=5f2ec0a8 [200]
PAGE LOG: Request finished: http://localhost:5173/node_modules/.vite/deps/chunk-EBEHQ7IR.js?v=5f2ec0a8 [200]
PAGE LOG: Request finished: http://localhost:5173/node_modules/.vite/deps/chunk-BSVKEP3M.js?v=5f2ec0a8 [200]
PAGE LOG: Request finished: http://localhost:5173/node_modules/.vite/deps/chunk-T33IZBMJ.js?v=5f2ec0a8 [200]
PAGE LOG: Request finished: http://localhost:5173/node_modules/.vite/deps/chunk-KLHTZT3M.js?v=5f2ec0a8 [200]
PAGE LOG: Request finished: http://localhost:5173/node_modules/.vite/deps/chunk-MGY5R4J2.js?v=5f2ec0a8 [200]
PAGE LOG: Request finished: http://localhost:5173/node_modules/.vite/deps/chunk-JCYSNBKQ.js?v=5f2ec0a8 [200]
PAGE LOG: Request finished: http://localhost:5173/@react-refresh [304]
PAGE LOG: Request finished: http://localhost:5173/node_modules/vite/dist/client/env.mjs [304]
PAGE LOG: [vite] connecting...
PAGE LOG: Request finished: http://localhost:5173/App.tsx?t=1764865183354 [304]
PAGE LOG: Request finished: http://localhost:5173/node_modules/.vite/deps/react-hot-toast.js?v=0008afbe [200]
PAGE LOG: Request finished: http://localhost:5173/node_modules/.vite/deps/@capacitor_core.js?v=722e4559 [200]
PAGE LOG: Request finished: http://localhost:5173/node_modules/.vite/deps/@capacitor_status-bar.js?v=7b158f7f [200]
PAGE LOG: Request finished: http://localhost:5173/node_modules/.vite/deps/@capacitor_app.js?v=85bcb141 [200]
PAGE LOG: Request finished: http://localhost:5173/node_modules/.vite/deps/@capacitor_push-notifications.js?v=2333eb6b [200]
PAGE LOG: Request finished: http://localhost:5173/node_modules/.vite/deps/@capawesome_capacitor-badge.js?v=c4ace29b [200]
PAGE LOG: Request finished: http://localhost:5173/index.css?t=1764865183354 [304]
PAGE LOG: Request finished: http://localhost:5173/node_modules/@ionic/react/css/core.css [304]
PAGE LOG: Request finished: http://localhost:5173/node_modules/@ionic/react/css/normalize.css [304]
PAGE LOG: Request finished: http://localhost:5173/node_modules/.vite/deps/chunk-NXBGYFMC.js?v=5f2ec0a8 [200]
PAGE LOG: Request finished: http://localhost:5173/node_modules/@ionic/react/css/structure.css [304]
PAGE LOG: Request finished: http://localhost:5173/node_modules/@ionic/react/css/typography.css [304]
PAGE LOG: Request finished: http://localhost:5173/node_modules/@ionic/react/css/padding.css [304]
PAGE LOG: Request finished: http://localhost:5173/node_modules/@ionic/react/css/palettes/dark.always.css [304]
PAGE LOG: Request finished: http://localhost:5173/components/BannerMessage.tsx?t=1764864530946 [304]
PAGE LOG: Request finished: http://localhost:5173/node_modules/.vite/deps/react-markdown.js?v=ffca9361 [200]
PAGE LOG: Request finished: http://localhost:5173/hooks/useAuth.tsx?t=1764864530946 [304]
PAGE LOG: Request finished: http://localhost:5173/hooks/useLogger.ts?t=1764864530946 [304]
PAGE LOG: Request finished: http://localhost:5173/components/dashboard/Countdown.tsx [304]
PAGE LOG: Request finished: http://localhost:5173/components/SupportForm.tsx?t=1764864530946 [304]
PAGE LOG: Request finished: http://localhost:5173/components/Header.tsx?t=1764864530946 [304]
PAGE LOG: Request finished: http://localhost:5173/components/dashboard/Leaderboard.tsx?t=1764864530946 [304]
PAGE LOG: Request finished: http://localhost:5173/types.ts [304]
PAGE LOG: Request finished: http://localhost:5173/components/TicketStatus.tsx?t=1764864530946 [304]
PAGE LOG: Request finished: http://localhost:5173/components/dashboard/ChallengeIntro.tsx [304]
PAGE LOG: Request finished: http://localhost:5173/services/api.ts?t=1764864530946 [304]
PAGE LOG: Request finished: http://localhost:5173/components/dashboard/ScoringCriteria.tsx?t=1764864530946 [304]
PAGE LOG: Request finished: http://localhost:5173/components/ui/AddToHomeScreen.tsx [304]
PAGE LOG: Request finished: http://localhost:5173/components/dashboard/DailyMessage.tsx [304]
PAGE LOG: Request finished: http://localhost:5173/hooks/useDevToolsDetection.ts?t=1764864530946 [304]
PAGE LOG: [vite] connected.
PAGE LOG: Request finished: http://localhost:5173/utils/storage.ts [304]
PAGE LOG: Request finished: http://localhost:5173/node_modules/.vite/deps/@capacitor_preferences.js?v=ff3c7ef9 [200]
PAGE LOG: Request finished: http://localhost:5173/hooks/usePushNotifications.ts?t=1764864530946 [304]
PAGE LOG: Request finished: http://localhost:5173/components/auth/AuthModal.tsx?t=1764864530946 [304]
PAGE LOG: Request finished: http://localhost:5173/constants.tsx [304]
PAGE LOG: Request finished: http://localhost:5173/components/ui/Tooltip.tsx [304]
PAGE LOG: Request finished: http://localhost:5173/components/ui/Modal.tsx [304]
PAGE LOG: Request finished: http://localhost:5173/node_modules/.vite/deps/react-dom.js?v=a392439e [200]
PAGE LOG: %cDownload the React DevTools for a better development experience: https://react.dev/link/react-devtools font-weight:bold
PAGE LOG: Request finished: http://localhost:5173/node_modules/.vite/deps/web-6UNTRZ7S.js?v=5f2ec0a8 [200]
PAGE LOG: Request finished: http://localhost:5173/vite.svg [304]
PAGE LOG: Request finished: http://localhost:5173/node_modules/.vite/deps/index7-QRLHNNJU.js?v=5f2ec0a8 [200]
PAGE LOG: Request finished: http://localhost:5173/node_modules/.vite/deps/hardware-back-button-OBXVYO2T.js?v=5f2ec0a8 [200]
PAGE LOG: Request finished: http://localhost:5173/node_modules/.vite/deps/keyboard-UPSMLTPV.js?v=5f2ec0a8 [200]
PAGE LOG: Request finished: http://localhost:5173/node_modules/.vite/deps/focus-visible-CEOD4GZP.js?v=5f2ec0a8 [200]
PAGE LOG: Request failed: http://localhost:6144/api/log - net::ERR_ABORTED
PAGE LOG: Request finished: http://localhost:6144/api/challenge [304]
PAGE LOG: Request failed: http://localhost:6144/api/log - net::ERR_ABORTED
PAGE LOG: Request finished: http://localhost:6144/api/challenge [304]
PAGE LOG: Request finished: http://localhost:5173/node_modules/.vite/deps/index3-57CUDBWR.js?v=5f2ec0a8 [200]
PAGE LOG: Request finished: http://localhost:6144/api/login [204]
PAGE LOG: Request finished: http://localhost:6144/api/login [200]
PAGE LOG: RAW USER FROM API: JSHandle@object
PAGE LOG: MAPPED USER TO SAVE: JSHandle@object
PAGE LOG: Web platform detected, registering for web push...
PAGE LOG: Request failed: http://localhost:6144/api/log - net::ERR_ABORTED
PAGE LOG: Request finished: http://localhost:6144/api/challenge [304]
PAGE LOG: Service Worker registered for web push.
Current URL: http://localhost:5173/
Logged in successfully

--- 2. Admin Setup (Backend) ---
Created Wordle Game: browser-wordle-3c00d0d4-4f11-4bd8-acbb-347fc8a3e889

--- 3. Gameplay (Wordle) ---
PAGE LOG: Request finished: http://localhost:5173/game/browser-wordle-3c00d0d4-4f11-4bd8-acbb-347fc8a3e889 [200]
PAGE LOG: Request finished: http://localhost:5173/index.tsx?t=1764865183354 [304]
PAGE LOG: Request finished: http://localhost:5173/@vite/client [304]
PAGE LOG: Request finished: http://localhost:5173/node_modules/.vite/deps/react.js?v=a392439e [200]
PAGE LOG: Request finished: http://localhost:5173/node_modules/.vite/deps/react_jsx-dev-runtime.js?v=a392439e [200]
PAGE LOG: Request finished: http://localhost:5173/@react-refresh [304]
PAGE LOG: Request finished: http://localhost:5173/App.tsx?t=1764865183354 [304]
PAGE LOG: Request finished: http://localhost:5173/node_modules/@ionic/react/css/normalize.css [304]
PAGE LOG: Request finished: http://localhost:5173/node_modules/@ionic/react/css/core.css [304]
PAGE LOG: Request finished: http://localhost:5173/index.css?t=1764865183354 [304]
PAGE LOG: Request finished: http://localhost:5173/node_modules/@ionic/react/css/structure.css [304]
PAGE LOG: Request finished: http://localhost:5173/node_modules/@ionic/react/css/typography.css [304]
PAGE LOG: Request finished: http://localhost:5173/node_modules/.vite/deps/chunk-73IIIP4P.js?v=5f2ec0a8 [200]
PAGE LOG: Request finished: http://localhost:5173/node_modules/.vite/deps/chunk-SP2VGER4.js?v=5f2ec0a8 [200]
PAGE LOG: Request finished: http://localhost:5173/node_modules/.vite/deps/react-hot-toast.js?v=0008afbe [200]
PAGE LOG: Request finished: http://localhost:5173/node_modules/.vite/deps/@capacitor_core.js?v=722e4559 [200]
PAGE LOG: Request finished: http://localhost:5173/node_modules/@ionic/react/css/padding.css [304]
PAGE LOG: Request finished: http://localhost:5173/node_modules/@ionic/react/css/palettes/dark.always.css [304]
PAGE LOG: Request finished: http://localhost:5173/node_modules/vite/dist/client/env.mjs [304]
PAGE LOG: [vite] connecting...
PAGE LOG: Request finished: http://localhost:5173/node_modules/.vite/deps/@capacitor_status-bar.js?v=7b158f7f [200]
PAGE LOG: Request finished: http://localhost:5173/node_modules/.vite/deps/@capawesome_capacitor-badge.js?v=c4ace29b [200]
PAGE LOG: Request finished: http://localhost:5173/node_modules/.vite/deps/@capacitor_app.js?v=85bcb141 [200]
PAGE LOG: Request finished: http://localhost:5173/node_modules/.vite/deps/@capacitor_push-notifications.js?v=2333eb6b [200]
PAGE LOG: Request finished: http://localhost:5173/node_modules/.vite/deps/chunk-NXBGYFMC.js?v=5f2ec0a8 [200]
PAGE LOG: Request finished: http://localhost:5173/components/BannerMessage.tsx?t=1764864530946 [304]
PAGE LOG: Request finished: http://localhost:5173/node_modules/.vite/deps/react-dom_client.js?v=48a30766 [200]
PAGE LOG: Request finished: http://localhost:5173/hooks/useAuth.tsx?t=1764864530946 [304]
PAGE LOG: Request finished: http://localhost:5173/components/Header.tsx?t=1764864530946 [304]
PAGE LOG: Request finished: http://localhost:5173/node_modules/.vite/deps/chunk-BDA3D33O.js?v=5f2ec0a8 [200]
PAGE LOG: Request finished: http://localhost:5173/hooks/useLogger.ts?t=1764864530946 [304]
PAGE LOG: Request finished: http://localhost:5173/components/dashboard/Countdown.tsx [304]
PAGE LOG: Request finished: http://localhost:5173/node_modules/.vite/deps/react-markdown.js?v=ffca9361 [200]
PAGE LOG: Request finished: http://localhost:5173/components/TicketStatus.tsx?t=1764864530946 [304]
PAGE LOG: Request finished: http://localhost:5173/components/SupportForm.tsx?t=1764864530946 [304]
PAGE LOG: Request finished: http://localhost:5173/components/dashboard/ChallengeIntro.tsx [304]
PAGE LOG: Request finished: http://localhost:5173/components/dashboard/Leaderboard.tsx?t=1764864530946 [304]
PAGE LOG: Request finished: http://localhost:5173/types.ts [304]
PAGE LOG: Request finished: http://localhost:5173/components/dashboard/ScoringCriteria.tsx?t=1764864530946 [304]
PAGE LOG: [vite] connected.
PAGE LOG: Request finished: http://localhost:5173/node_modules/.vite/deps/chunk-JCYSNBKQ.js?v=5f2ec0a8 [200]
PAGE LOG: Request finished: http://localhost:5173/components/ui/AddToHomeScreen.tsx [304]
PAGE LOG: Request finished: http://localhost:5173/components/dashboard/DailyMessage.tsx [304]
PAGE LOG: Request finished: http://localhost:5173/node_modules/.vite/deps/@ionic_react.js?v=82568fd1 [200]
PAGE LOG: Request finished: http://localhost:5173/services/api.ts?t=1764864530946 [304]
PAGE LOG: Request finished: http://localhost:5173/hooks/useDevToolsDetection.ts?t=1764864530946 [304]
PAGE LOG: Request finished: http://localhost:5173/components/auth/AuthModal.tsx?t=1764864530946 [304]
PAGE LOG: Request finished: http://localhost:5173/constants.tsx [304]
PAGE LOG: Request finished: http://localhost:5173/components/ui/Tooltip.tsx [304]
PAGE LOG: Request finished: http://localhost:5173/node_modules/.vite/deps/chunk-QTFJGRZD.js?v=5f2ec0a8 [200]
PAGE LOG: Request finished: http://localhost:5173/utils/storage.ts [304]
PAGE LOG: Request finished: http://localhost:5173/hooks/usePushNotifications.ts?t=1764864530946 [304]
PAGE LOG: Request finished: http://localhost:5173/node_modules/.vite/deps/chunk-P7YIWC25.js?v=5f2ec0a8 [200]
PAGE LOG: Request finished: http://localhost:5173/node_modules/.vite/deps/chunk-GZP7N4YX.js?v=5f2ec0a8 [200]
PAGE LOG: Request finished: http://localhost:5173/node_modules/.vite/deps/chunk-VBB4JV5O.js?v=5f2ec0a8 [200]
PAGE LOG: Request finished: http://localhost:5173/node_modules/.vite/deps/chunk-4ZVYJMML.js?v=5f2ec0a8 [200]
PAGE LOG: Request finished: http://localhost:5173/node_modules/.vite/deps/chunk-TQ7S3QVG.js?v=5f2ec0a8 [200]
PAGE LOG: Request finished: http://localhost:5173/node_modules/.vite/deps/chunk-TISP66PC.js?v=5f2ec0a8 [200]
PAGE LOG: Request finished: http://localhost:5173/node_modules/.vite/deps/chunk-D76YSSFG.js?v=5f2ec0a8 [200]
PAGE LOG: Request finished: http://localhost:5173/node_modules/.vite/deps/chunk-EBEHQ7IR.js?v=5f2ec0a8 [200]
PAGE LOG: Request finished: http://localhost:5173/node_modules/.vite/deps/chunk-BSVKEP3M.js?v=5f2ec0a8 [200]
PAGE LOG: Request finished: http://localhost:5173/node_modules/.vite/deps/chunk-T33IZBMJ.js?v=5f2ec0a8 [200]
PAGE LOG: Request finished: http://localhost:5173/node_modules/.vite/deps/chunk-J3UUO3PK.js?v=5f2ec0a8 [200]
PAGE LOG: Request finished: http://localhost:5173/node_modules/.vite/deps/chunk-KLHTZT3M.js?v=5f2ec0a8 [200]
PAGE LOG: Request finished: http://localhost:5173/node_modules/.vite/deps/@capacitor_preferences.js?v=ff3c7ef9 [200]
PAGE LOG: Request finished: http://localhost:5173/node_modules/.vite/deps/chunk-MGY5R4J2.js?v=5f2ec0a8 [200]
PAGE LOG: Request finished: http://localhost:5173/components/ui/Modal.tsx [304]
PAGE LOG: Request finished: http://localhost:5173/node_modules/.vite/deps/react-dom.js?v=a392439e [200]
PAGE LOG: %cDownload the React DevTools for a better development experience: https://react.dev/link/react-devtools font-weight:bold
PAGE LOG: Request finished: http://localhost:5173/node_modules/.vite/deps/web-6UNTRZ7S.js?v=5f2ec0a8 [200]
PAGE LOG: Request finished: http://localhost:6144/api/log [204]
PAGE LOG: Request finished: http://localhost:6144/api/log [204]
PAGE LOG: Request finished: http://localhost:5173/vite.svg [304]
PAGE LOG: Request finished: http://localhost:5173/node_modules/.vite/deps/hardware-back-button-OBXVYO2T.js?v=5f2ec0a8 [200]
PAGE LOG: Request finished: http://localhost:5173/node_modules/.vite/deps/index7-QRLHNNJU.js?v=5f2ec0a8 [200]
PAGE LOG: Request finished: http://localhost:5173/node_modules/.vite/deps/focus-visible-CEOD4GZP.js?v=5f2ec0a8 [200]
PAGE LOG: Request finished: http://localhost:5173/node_modules/.vite/deps/keyboard-UPSMLTPV.js?v=5f2ec0a8 [200]
PAGE LOG: Request failed: http://localhost:6144/api/log - net::ERR_ABORTED
PAGE LOG: Request failed: http://localhost:6144/api/log - net::ERR_ABORTED
PAGE LOG: Request finished: http://localhost:6144/api/challenge [200]
PAGE LOG: Request finished: http://localhost:6144/api/challenge/browser-challenge-ace9747c-de6a-4748-a09b-f1201ad9f814/games [204]
PAGE LOG: Request finished: http://localhost:6144/api/challenge [304]
PAGE LOG: Request finished: http://localhost:6144/api/challenge [304]
PAGE LOG: Request failed: http://localhost:6144/api/log - net::ERR_ABORTED
PAGE LOG: Request finished: http://localhost:6144/api/challenge/browser-challenge-ace9747c-de6a-4748-a09b-f1201ad9f814/games [200]
PAGE LOG: Request finished: http://localhost:6144/api/daily-message [200]
PAGE LOG: Request finished: http://localhost:5173/components/game/WordleGame.tsx?t=1764865183354 [200]
PAGE LOG: Request finished: http://localhost:5173/components/game/GameInstructionsModal.tsx [200]
PAGE LOG: Request finished: http://localhost:6144/api/challenge/browser-challenge-ace9747c-de6a-4748-a09b-f1201ad9f814/games [304]
PAGE LOG: Request finished: http://localhost:6144/api/daily-message [304]
PAGE LOG: Request finished: http://localhost:6144/api/game-state/user/user-1764865786946/game/browser-wordle-3c00d0d4-4f11-4bd8-acbb-347fc8a3e889 [200]
PAGE LOG: Request finished: http://localhost:6144/api/game-state/user/user-1764865786946/game/browser-wordle-3c00d0d4-4f11-4bd8-acbb-347fc8a3e889 [304]
PAGE LOG: Request finished: http://localhost:6144/api/challenge/browser-challenge-ace9747c-de6a-4748-a09b-f1201ad9f814/games [304]
PAGE LOG: Request finished: http://localhost:6144/api/submissions/user/user-1764865786946/challenge/browser-challenge-ace9747c-de6a-4748-a09b-f1201ad9f814 [200]
PAGE LOG: Request finished: http://localhost:6144/api/daily-message [304]
Game grid not found immediately
Assigned Solution: PEACH
Typing solution: PEACH
PAGE LOG: Request finished: http://localhost:6144/api/game-state/user/user-1764865786946/game/browser-wordle-3c00d0d4-4f11-4bd8-acbb-347fc8a3e889 [204]
PAGE LOG: Request finished: http://localhost:6144/api/game-state/user/user-1764865786946/game/browser-wordle-3c00d0d4-4f11-4bd8-acbb-347fc8a3e889 [200]
PAGE LOG: Request finished: http://localhost:6144/api/games/browser-wordle-3c00d0d4-4f11-4bd8-acbb-347fc8a3e889/check [204]
PAGE LOG: Request finished: http://localhost:6144/api/games/browser-wordle-3c00d0d4-4f11-4bd8-acbb-347fc8a3e889/check [200]
PAGE LOG: Request finished: https://api.dictionaryapi.dev/api/v2/entries/en/peach [200]
PAGE LOG: Request finished: http://localhost:6144/api/game-state/user/user-1764865786946/game/browser-wordle-3c00d0d4-4f11-4bd8-acbb-347fc8a3e889 [200]
PAGE LOG: Request failed: http://localhost:6144/api/game-state/user/user-1764865786946/game/browser-wordle-3c00d0d4-4f11-4bd8-acbb-347fc8a3e889 - net::ERR_ABORTED
PAGE LOG: Request finished: http://localhost:6144/api/submit [204]
PAGE LOG: Request finished: http://localhost:6144/api/submit [200]
PAGE LOG: Web platform detected, registering for web push...
PAGE LOG: Web platform detected, registering for web push...
PAGE LOG: Request finished: http://localhost:6144/api/challenge [304]
PAGE LOG: Request failed: http://localhost:6144/api/log - net::ERR_ABORTED
PAGE LOG: Request finished: http://localhost:6144/api/challenge [304]
PAGE LOG: Request finished: http://localhost:6144/api/challenge/browser-challenge-ace9747c-de6a-4748-a09b-f1201ad9f814/games [304]
PAGE LOG: Request finished: http://localhost:6144/api/log [204]
PAGE LOG: Request finished: http://localhost:6144/api/challenge/browser-challenge-ace9747c-de6a-4748-a09b-f1201ad9f814/games [204]
PAGE LOG: Service Worker registered for web push.
PAGE LOG: Service Worker registered for web push.
PAGE LOG: Request finished: http://localhost:5173/vite.svg [304]
PAGE LOG: Request finished: http://localhost:6144/api/submissions/user/user-1764865786946/challenge/browser-challenge-ace9747c-de6a-4748-a09b-f1201ad9f814 [200]
PAGE LOG: Request finished: http://localhost:6144/api/challenge/browser-challenge-ace9747c-de6a-4748-a09b-f1201ad9f814/games [304]
PAGE LOG: Request finished: http://localhost:6144/api/daily-message [304]
PAGE LOG: Request finished: http://localhost:6144/api/banner-messages [204]
PAGE LOG: Request finished: http://localhost:6144/api/banner-messages [204]
PAGE LOG: Request finished: http://localhost:5173/node_modules/.vite/deps/index3-57CUDBWR.js?v=5f2ec0a8 [200]
PAGE LOG: Request finished: http://localhost:6144/api/submissions/user/user-1764865786946/challenge/browser-challenge-ace9747c-de6a-4748-a09b-f1201ad9f814 [304]
PAGE LOG: Request finished: http://localhost:6144/api/banner-messages [200]
PAGE LOG: Request finished: http://localhost:6144/api/daily-message [304]
PAGE LOG: Request finished: http://localhost:6144/api/banner-messages [304]
Wordle submitted successfully!

--- 4. Gameplay (Connections) ---
Created Connections Game: browser-connections-54a6c4ca-3e09-417a-a189-35c41c241a44
PAGE LOG: Request finished: http://localhost:5173/game/browser-connections-54a6c4ca-3e09-417a-a189-35c41c241a44 [200]
PAGE LOG: Request finished: http://localhost:5173/node_modules/.vite/deps/react_jsx-dev-runtime.js?v=a392439e [200]
PAGE LOG: Request finished: http://localhost:5173/node_modules/.vite/deps/react.js?v=a392439e [200]
PAGE LOG: Request finished: http://localhost:5173/node_modules/.vite/deps/react-dom_client.js?v=48a30766 [200]
PAGE LOG: Request finished: http://localhost:5173/node_modules/.vite/deps/@ionic_react.js?v=82568fd1 [200]
PAGE LOG: Request finished: http://localhost:5173/node_modules/.vite/deps/chunk-SP2VGER4.js?v=5f2ec0a8 [200]
PAGE LOG: Request finished: http://localhost:5173/node_modules/.vite/deps/chunk-73IIIP4P.js?v=5f2ec0a8 [200]
PAGE LOG: Request finished: http://localhost:5173/node_modules/.vite/deps/chunk-BDA3D33O.js?v=5f2ec0a8 [200]
PAGE LOG: Request finished: http://localhost:5173/index.tsx?t=1764865183354 [304]
PAGE LOG: Request finished: http://localhost:5173/node_modules/.vite/deps/chunk-QTFJGRZD.js?v=5f2ec0a8 [200]
PAGE LOG: Request finished: http://localhost:5173/node_modules/.vite/deps/chunk-P7YIWC25.js?v=5f2ec0a8 [200]
PAGE LOG: Request finished: http://localhost:5173/node_modules/.vite/deps/chunk-GZP7N4YX.js?v=5f2ec0a8 [200]
PAGE LOG: Request finished: http://localhost:5173/node_modules/.vite/deps/chunk-TQ7S3QVG.js?v=5f2ec0a8 [200]
PAGE LOG: Request finished: http://localhost:5173/node_modules/.vite/deps/chunk-J3UUO3PK.js?v=5f2ec0a8 [200]
PAGE LOG: Request finished: http://localhost:5173/node_modules/.vite/deps/chunk-4ZVYJMML.js?v=5f2ec0a8 [200]
PAGE LOG: Request finished: http://localhost:5173/node_modules/.vite/deps/chunk-VBB4JV5O.js?v=5f2ec0a8 [200]
PAGE LOG: Request finished: http://localhost:5173/node_modules/.vite/deps/chunk-TISP66PC.js?v=5f2ec0a8 [200]
PAGE LOG: Request finished: http://localhost:5173/node_modules/.vite/deps/chunk-D76YSSFG.js?v=5f2ec0a8 [200]
PAGE LOG: Request finished: http://localhost:5173/node_modules/.vite/deps/chunk-EBEHQ7IR.js?v=5f2ec0a8 [200]
PAGE LOG: Request finished: http://localhost:5173/node_modules/.vite/deps/chunk-BSVKEP3M.js?v=5f2ec0a8 [200]
PAGE LOG: Request finished: http://localhost:5173/node_modules/.vite/deps/chunk-T33IZBMJ.js?v=5f2ec0a8 [200]
PAGE LOG: Request finished: http://localhost:5173/node_modules/.vite/deps/chunk-KLHTZT3M.js?v=5f2ec0a8 [200]
PAGE LOG: Request finished: http://localhost:5173/node_modules/.vite/deps/chunk-MGY5R4J2.js?v=5f2ec0a8 [200]
PAGE LOG: Request finished: http://localhost:5173/node_modules/.vite/deps/chunk-JCYSNBKQ.js?v=5f2ec0a8 [200]
PAGE LOG: Request finished: http://localhost:5173/@vite/client [304]
PAGE LOG: Request finished: http://localhost:5173/@react-refresh [304]
PAGE LOG: Request finished: http://localhost:5173/node_modules/@ionic/react/css/core.css [304]
PAGE LOG: Request finished: http://localhost:5173/App.tsx?t=1764865183354 [304]
PAGE LOG: Request finished: http://localhost:5173/node_modules/@ionic/react/css/palettes/dark.always.css [304]
PAGE LOG: Request finished: http://localhost:5173/node_modules/.vite/deps/react-hot-toast.js?v=0008afbe [200]
PAGE LOG: Request finished: http://localhost:5173/node_modules/.vite/deps/@capacitor_core.js?v=722e4559 [200]
PAGE LOG: Request finished: http://localhost:5173/node_modules/.vite/deps/@capacitor_status-bar.js?v=7b158f7f [200]
PAGE LOG: Request finished: http://localhost:5173/node_modules/.vite/deps/@capacitor_app.js?v=85bcb141 [200]
PAGE LOG: Request finished: http://localhost:5173/node_modules/.vite/deps/@capacitor_push-notifications.js?v=2333eb6b [200]
PAGE LOG: Request finished: http://localhost:5173/node_modules/.vite/deps/@capawesome_capacitor-badge.js?v=c4ace29b [200]
PAGE LOG: Request finished: http://localhost:5173/node_modules/.vite/deps/chunk-NXBGYFMC.js?v=5f2ec0a8 [200]
PAGE LOG: Request finished: http://localhost:5173/index.css?t=1764865183354 [304]
PAGE LOG: Request finished: http://localhost:5173/node_modules/vite/dist/client/env.mjs [304]
PAGE LOG: [vite] connecting...
PAGE LOG: Request finished: http://localhost:5173/node_modules/@ionic/react/css/padding.css [304]
PAGE LOG: Request finished: http://localhost:5173/hooks/useLogger.ts?t=1764864530946 [304]
PAGE LOG: Request finished: http://localhost:5173/components/BannerMessage.tsx?t=1764864530946 [304]
PAGE LOG: Request finished: http://localhost:5173/node_modules/.vite/deps/react-markdown.js?v=ffca9361 [200]
PAGE LOG: Request finished: http://localhost:5173/hooks/useAuth.tsx?t=1764864530946 [304]
PAGE LOG: Request finished: http://localhost:5173/node_modules/@ionic/react/css/typography.css [304]
PAGE LOG: Request finished: http://localhost:5173/node_modules/@ionic/react/css/normalize.css [304]
PAGE LOG: Request finished: http://localhost:5173/node_modules/@ionic/react/css/structure.css [304]
PAGE LOG: Request finished: http://localhost:5173/components/dashboard/Leaderboard.tsx?t=1764864530946 [304]
PAGE LOG: Request finished: http://localhost:5173/components/dashboard/Countdown.tsx [304]
PAGE LOG: Request finished: http://localhost:5173/components/SupportForm.tsx?t=1764864530946 [304]
PAGE LOG: Request finished: http://localhost:5173/components/TicketStatus.tsx?t=1764864530946 [304]
PAGE LOG: Request finished: http://localhost:5173/components/Header.tsx?t=1764864530946 [304]
PAGE LOG: Request finished: http://localhost:5173/types.ts [304]
PAGE LOG: Request finished: http://localhost:5173/components/dashboard/ChallengeIntro.tsx [304]
PAGE LOG: Request finished: http://localhost:5173/services/api.ts?t=1764864530946 [304]
PAGE LOG: Request finished: http://localhost:5173/components/dashboard/DailyMessage.tsx [304]
PAGE LOG: Request finished: http://localhost:5173/components/dashboard/ScoringCriteria.tsx?t=1764864530946 [304]
PAGE LOG: Request finished: http://localhost:5173/hooks/useDevToolsDetection.ts?t=1764864530946 [304]
PAGE LOG: Request finished: http://localhost:5173/utils/storage.ts [304]
PAGE LOG: Request finished: http://localhost:5173/node_modules/.vite/deps/@capacitor_preferences.js?v=ff3c7ef9 [200]
PAGE LOG: Request finished: http://localhost:5173/components/ui/AddToHomeScreen.tsx [304]
PAGE LOG: [vite] connected.
PAGE LOG: Request finished: http://localhost:5173/components/ui/Tooltip.tsx [304]
PAGE LOG: Request finished: http://localhost:5173/constants.tsx [304]
PAGE LOG: Request finished: http://localhost:5173/hooks/usePushNotifications.ts?t=1764864530946 [304]
PAGE LOG: Request finished: http://localhost:5173/components/auth/AuthModal.tsx?t=1764864530946 [304]
PAGE LOG: Request finished: http://localhost:5173/components/ui/Modal.tsx [304]
PAGE LOG: Request finished: http://localhost:5173/node_modules/.vite/deps/react-dom.js?v=a392439e [200]
PAGE LOG: %cDownload the React DevTools for a better development experience: https://react.dev/link/react-devtools font-weight:bold
PAGE LOG: Request finished: http://localhost:5173/node_modules/.vite/deps/web-6UNTRZ7S.js?v=5f2ec0a8 [200]
PAGE LOG: Request finished: http://localhost:5173/vite.svg [304]
PAGE LOG: Request finished: http://localhost:5173/node_modules/.vite/deps/index7-QRLHNNJU.js?v=5f2ec0a8 [200]
PAGE LOG: Request finished: http://localhost:5173/node_modules/.vite/deps/hardware-back-button-OBXVYO2T.js?v=5f2ec0a8 [200]
PAGE LOG: Request finished: http://localhost:5173/node_modules/.vite/deps/keyboard-UPSMLTPV.js?v=5f2ec0a8 [200]
PAGE LOG: Request finished: http://localhost:5173/node_modules/.vite/deps/focus-visible-CEOD4GZP.js?v=5f2ec0a8 [200]
PAGE LOG: Request failed: http://localhost:6144/api/log - net::ERR_ABORTED
PAGE LOG: Request finished: http://localhost:6144/api/challenge [304]
PAGE LOG: Request failed: http://localhost:6144/api/log - net::ERR_ABORTED
PAGE LOG: Request finished: http://localhost:6144/api/challenge [304]
PAGE LOG: Request failed: http://localhost:6144/api/log - net::ERR_ABORTED
PAGE LOG: Request finished: http://localhost:6144/api/challenge [304]
PAGE LOG: Request finished: http://localhost:6144/api/challenge/browser-challenge-ace9747c-de6a-4748-a09b-f1201ad9f814/games [200]
PAGE LOG: Request finished: http://localhost:6144/api/daily-message [304]
PAGE LOG: Request finished: http://localhost:5173/components/game/ConnectionsGame.tsx [200]
PAGE LOG: Request finished: http://localhost:5173/components/game/GameInstructionsModal.tsx [304]
PAGE LOG: Request finished: http://localhost:6144/api/challenge/browser-challenge-ace9747c-de6a-4748-a09b-f1201ad9f814/games [200]
PAGE LOG: Request finished: http://localhost:6144/api/daily-message [304]
PAGE LOG: Request finished: http://localhost:6144/api/game-state/user/user-1764865786946/game/browser-connections-54a6c4ca-3e09-417a-a189-35c41c241a44 [200]
PAGE LOG: Request finished: http://localhost:6144/api/game-state/user/user-1764865786946/game/browser-connections-54a6c4ca-3e09-417a-a189-35c41c241a44 [304]
PAGE LOG: Request finished: http://localhost:6144/api/challenge/browser-challenge-ace9747c-de6a-4748-a09b-f1201ad9f814/games [200]
PAGE LOG: Request finished: http://localhost:6144/api/submissions/user/user-1764865786946/challenge/browser-challenge-ace9747c-de6a-4748-a09b-f1201ad9f814 [304]
PAGE LOG: Request finished: http://localhost:6144/api/game-state/user/user-1764865786946/game/browser-connections-54a6c4ca-3e09-417a-a189-35c41c241a44 [304]
PAGE LOG: Request finished: http://localhost:6144/api/daily-message [304]
Solving category: FRUITS
PAGE LOG: Request finished: http://localhost:6144/api/game-state/user/user-1764865786946/game/browser-connections-54a6c4ca-3e09-417a-a189-35c41c241a44 [204]
PAGE LOG: Request finished: http://localhost:6144/api/game-state/user/user-1764865786946/game/browser-connections-54a6c4ca-3e09-417a-a189-35c41c241a44 [200]
PAGE LOG: Request finished: http://localhost:6144/api/games/browser-connections-54a6c4ca-3e09-417a-a189-35c41c241a44/check [204]
PAGE LOG: Request finished: http://localhost:6144/api/games/browser-connections-54a6c4ca-3e09-417a-a189-35c41c241a44/check [200]
PAGE LOG: Request finished: http://localhost:6144/api/game-state/user/user-1764865786946/game/browser-connections-54a6c4ca-3e09-417a-a189-35c41c241a44 [200]
Connections category solved and saved.

--- 5. Gameplay (Match The Word) ---
Created Match The Word Game: browser-match-0ca68be8-383d-4055-9d18-e45dca436975
PAGE LOG: Request finished: http://localhost:5173/game/browser-match-0ca68be8-383d-4055-9d18-e45dca436975 [200]
PAGE LOG: Request finished: http://localhost:5173/node_modules/.vite/deps/react_jsx-dev-runtime.js?v=a392439e [200]
PAGE LOG: Request finished: http://localhost:5173/node_modules/.vite/deps/react.js?v=a392439e [200]
PAGE LOG: Request finished: http://localhost:5173/node_modules/.vite/deps/react-dom_client.js?v=48a30766 [200]
PAGE LOG: Request finished: http://localhost:5173/node_modules/.vite/deps/@ionic_react.js?v=82568fd1 [200]
PAGE LOG: Request finished: http://localhost:5173/index.tsx?t=1764865183354 [304]
PAGE LOG: Request finished: http://localhost:5173/node_modules/.vite/deps/chunk-SP2VGER4.js?v=5f2ec0a8 [200]
PAGE LOG: Request finished: http://localhost:5173/node_modules/.vite/deps/chunk-73IIIP4P.js?v=5f2ec0a8 [200]
PAGE LOG: Request finished: http://localhost:5173/node_modules/.vite/deps/chunk-BDA3D33O.js?v=5f2ec0a8 [200]
PAGE LOG: Request finished: http://localhost:5173/node_modules/.vite/deps/chunk-QTFJGRZD.js?v=5f2ec0a8 [200]
PAGE LOG: Request finished: http://localhost:5173/node_modules/.vite/deps/chunk-P7YIWC25.js?v=5f2ec0a8 [200]
PAGE LOG: Request finished: http://localhost:5173/node_modules/.vite/deps/chunk-GZP7N4YX.js?v=5f2ec0a8 [200]
PAGE LOG: Request finished: http://localhost:5173/node_modules/.vite/deps/chunk-TQ7S3QVG.js?v=5f2ec0a8 [200]
PAGE LOG: Request finished: http://localhost:5173/node_modules/.vite/deps/chunk-J3UUO3PK.js?v=5f2ec0a8 [200]
PAGE LOG: Request finished: http://localhost:5173/node_modules/.vite/deps/chunk-4ZVYJMML.js?v=5f2ec0a8 [200]
PAGE LOG: Request finished: http://localhost:5173/node_modules/.vite/deps/chunk-VBB4JV5O.js?v=5f2ec0a8 [200]
PAGE LOG: Request finished: http://localhost:5173/node_modules/.vite/deps/chunk-TISP66PC.js?v=5f2ec0a8 [200]
PAGE LOG: Request finished: http://localhost:5173/node_modules/.vite/deps/chunk-D76YSSFG.js?v=5f2ec0a8 [200]
PAGE LOG: Request finished: http://localhost:5173/node_modules/.vite/deps/chunk-EBEHQ7IR.js?v=5f2ec0a8 [200]
PAGE LOG: Request finished: http://localhost:5173/node_modules/.vite/deps/chunk-BSVKEP3M.js?v=5f2ec0a8 [200]
PAGE LOG: Request finished: http://localhost:5173/node_modules/.vite/deps/chunk-T33IZBMJ.js?v=5f2ec0a8 [200]
PAGE LOG: Request finished: http://localhost:5173/node_modules/.vite/deps/chunk-KLHTZT3M.js?v=5f2ec0a8 [200]
PAGE LOG: Request finished: http://localhost:5173/node_modules/.vite/deps/chunk-MGY5R4J2.js?v=5f2ec0a8 [200]
PAGE LOG: Request finished: http://localhost:5173/node_modules/.vite/deps/chunk-JCYSNBKQ.js?v=5f2ec0a8 [200]
PAGE LOG: Request finished: http://localhost:5173/@vite/client [304]
PAGE LOG: Request finished: http://localhost:5173/@react-refresh [304]
PAGE LOG: Request finished: http://localhost:5173/index.css?t=1764865183354 [304]
PAGE LOG: Request finished: http://localhost:5173/node_modules/@ionic/react/css/core.css [304]
PAGE LOG: Request finished: http://localhost:5173/node_modules/@ionic/react/css/normalize.css [304]
PAGE LOG: Request finished: http://localhost:5173/App.tsx?t=1764865183354 [304]
PAGE LOG: Request finished: http://localhost:5173/node_modules/@ionic/react/css/palettes/dark.always.css [304]
PAGE LOG: Request finished: http://localhost:5173/node_modules/.vite/deps/react-hot-toast.js?v=0008afbe [200]
PAGE LOG: Request finished: http://localhost:5173/node_modules/.vite/deps/@capacitor_core.js?v=722e4559 [200]
PAGE LOG: Request finished: http://localhost:5173/node_modules/.vite/deps/@capacitor_status-bar.js?v=7b158f7f [200]
PAGE LOG: Request finished: http://localhost:5173/node_modules/.vite/deps/@capacitor_app.js?v=85bcb141 [200]
PAGE LOG: Request finished: http://localhost:5173/node_modules/.vite/deps/@capacitor_push-notifications.js?v=2333eb6b [200]
PAGE LOG: Request finished: http://localhost:5173/node_modules/.vite/deps/@capawesome_capacitor-badge.js?v=c4ace29b [200]
PAGE LOG: Request finished: http://localhost:5173/node_modules/.vite/deps/chunk-NXBGYFMC.js?v=5f2ec0a8 [200]
PAGE LOG: Request finished: http://localhost:5173/node_modules/@ionic/react/css/padding.css [304]
PAGE LOG: Request finished: http://localhost:5173/node_modules/@ionic/react/css/structure.css [304]
PAGE LOG: Request finished: http://localhost:5173/node_modules/@ionic/react/css/typography.css [304]
PAGE LOG: Request finished: http://localhost:5173/node_modules/vite/dist/client/env.mjs [304]
PAGE LOG: [vite] connecting...
PAGE LOG: Request finished: http://localhost:5173/components/BannerMessage.tsx?t=1764864530946 [304]
PAGE LOG: Request finished: http://localhost:5173/node_modules/.vite/deps/react-markdown.js?v=ffca9361 [200]
PAGE LOG: Request finished: http://localhost:5173/hooks/useAuth.tsx?t=1764864530946 [304]
PAGE LOG: Request finished: http://localhost:5173/hooks/useLogger.ts?t=1764864530946 [304]
PAGE LOG: Request finished: http://localhost:5173/components/Header.tsx?t=1764864530946 [304]
PAGE LOG: Request finished: http://localhost:5173/components/dashboard/Countdown.tsx [304]
PAGE LOG: Request finished: http://localhost:5173/components/dashboard/Leaderboard.tsx?t=1764864530946 [304]
PAGE LOG: Request finished: http://localhost:5173/components/SupportForm.tsx?t=1764864530946 [304]
PAGE LOG: Request finished: http://localhost:5173/components/TicketStatus.tsx?t=1764864530946 [304]
PAGE LOG: Request finished: http://localhost:5173/components/dashboard/DailyMessage.tsx [304]
PAGE LOG: Request finished: http://localhost:5173/hooks/useDevToolsDetection.ts?t=1764864530946 [304]
PAGE LOG: Request finished: http://localhost:5173/components/dashboard/ChallengeIntro.tsx [304]
PAGE LOG: Request finished: http://localhost:5173/types.ts [304]
PAGE LOG: Request finished: http://localhost:5173/components/ui/AddToHomeScreen.tsx [304]
PAGE LOG: Request finished: http://localhost:5173/components/dashboard/ScoringCriteria.tsx?t=1764864530946 [304]
PAGE LOG: Request finished: http://localhost:5173/utils/storage.ts [304]
PAGE LOG: Request finished: http://localhost:5173/node_modules/.vite/deps/@capacitor_preferences.js?v=ff3c7ef9 [200]
PAGE LOG: [vite] connected.
PAGE LOG: Request finished: http://localhost:5173/components/auth/AuthModal.tsx?t=1764864530946 [304]
PAGE LOG: Request finished: http://localhost:5173/hooks/usePushNotifications.ts?t=1764864530946 [304]
PAGE LOG: Request finished: http://localhost:5173/services/api.ts?t=1764864530946 [304]
PAGE LOG: Request finished: http://localhost:5173/constants.tsx [304]
PAGE LOG: Request finished: http://localhost:5173/components/ui/Tooltip.tsx [304]
PAGE LOG: Request finished: http://localhost:5173/components/ui/Modal.tsx [304]
PAGE LOG: Request finished: http://localhost:5173/node_modules/.vite/deps/react-dom.js?v=a392439e [200]
PAGE LOG: %cDownload the React DevTools for a better development experience: https://react.dev/link/react-devtools font-weight:bold
PAGE LOG: Request finished: http://localhost:5173/node_modules/.vite/deps/web-6UNTRZ7S.js?v=5f2ec0a8 [200]
PAGE LOG: Request finished: http://localhost:6144/api/log [204]
PAGE LOG: Request finished: http://localhost:6144/api/log [204]
PAGE LOG: Request finished: http://localhost:5173/vite.svg [304]
PAGE LOG: Request finished: http://localhost:5173/node_modules/.vite/deps/index7-QRLHNNJU.js?v=5f2ec0a8 [200]
PAGE LOG: Request finished: http://localhost:5173/node_modules/.vite/deps/hardware-back-button-OBXVYO2T.js?v=5f2ec0a8 [200]
PAGE LOG: Request finished: http://localhost:5173/node_modules/.vite/deps/keyboard-UPSMLTPV.js?v=5f2ec0a8 [200]
PAGE LOG: Request finished: http://localhost:5173/node_modules/.vite/deps/focus-visible-CEOD4GZP.js?v=5f2ec0a8 [200]
PAGE LOG: Request failed: http://localhost:6144/api/log - net::ERR_ABORTED
PAGE LOG: Request finished: http://localhost:6144/api/challenge [304]
PAGE LOG: Request finished: http://localhost:6144/api/challenge/browser-challenge-ace9747c-de6a-4748-a09b-f1201ad9f814/games [204]
PAGE LOG: Request failed: http://localhost:6144/api/log - net::ERR_ABORTED
PAGE LOG: Request failed: http://localhost:6144/api/log - net::ERR_ABORTED
PAGE LOG: Request finished: http://localhost:6144/api/challenge [304]
PAGE LOG: Request finished: http://localhost:6144/api/challenge [304]
PAGE LOG: Request finished: http://localhost:6144/api/challenge/browser-challenge-ace9747c-de6a-4748-a09b-f1201ad9f814/games [200]
PAGE LOG: Request finished: http://localhost:6144/api/daily-message [304]
PAGE LOG: Request finished: http://localhost:5173/components/game/MatchTheWordGame.tsx [200]
PAGE LOG: Request finished: http://localhost:5173/components/game/GameInstructionsModal.tsx [304]
PAGE LOG: Request finished: http://localhost:6144/api/challenge/browser-challenge-ace9747c-de6a-4748-a09b-f1201ad9f814/games [200]
PAGE LOG: Request finished: http://localhost:6144/api/daily-message [304]
PAGE LOG: Request finished: http://localhost:6144/api/game-state/user/user-1764865786946/game/browser-match-0ca68be8-383d-4055-9d18-e45dca436975 [200]
PAGE LOG: Request finished: http://localhost:6144/api/game-state/user/user-1764865786946/game/browser-match-0ca68be8-383d-4055-9d18-e45dca436975 [304]
PAGE LOG: Request finished: http://localhost:6144/api/challenge/browser-challenge-ace9747c-de6a-4748-a09b-f1201ad9f814/games [200]
PAGE LOG: Request finished: http://localhost:6144/api/submissions/user/user-1764865786946/challenge/browser-challenge-ace9747c-de6a-4748-a09b-f1201ad9f814 [304]
PAGE LOG: Request finished: http://localhost:6144/api/daily-message [304]
PAGE LOG: Request finished: http://localhost:6144/api/game-state/user/user-1764865786946/game/browser-match-0ca68be8-383d-4055-9d18-e45dca436975 [304]
Clicking Start Game for Match The Word...
PAGE ERROR: TypeError: Cannot read properties of undefined (reading 'find')
PAGE LOG: %s

%s
 An error occurred in the <MatchTheWordGame> component. Consider adding an error boundary to your tree to customize error handling behavior.
Visit https://react.dev/link/error-boundaries to learn more about error boundaries.
Waiting for .grid...

❌ TEST FAILED
TimeoutError: Waiting for selector `.grid` failed
    at CSSQueryHandler.waitFor (/Users/isaacdomini/code/smymcolumbuschallenge/node_modules/puppeteer-core/src/common/QueryHandler.ts:213:36)
    at async CdpFrame.waitForSelector (/Users/isaacdomini/code/smymcolumbuschallenge/node_modules/puppeteer-core/src/api/Frame.ts:743:13)
    at async CdpPage.waitForSelector (/Users/isaacdomini/code/smymcolumbuschallenge/node_modules/puppeteer-core/src/api/Page.ts:3053:12)
    at async runBrowserTests (/Users/isaacdomini/code/smymcolumbuschallenge/scripts/browser_integration_test.ts:260:5) {
  cause: TimeoutError: Waiting failed: 30000ms exceeded
      at new WaitTask (/Users/isaacdomini/code/smymcolumbuschallenge/node_modules/puppeteer-core/src/common/WaitTask.ts:77:28)
      at IsolatedWorld.waitForFunction (/Users/isaacdomini/code/smymcolumbuschallenge/node_modules/puppeteer-core/src/api/Realm.ts:74:22)
      at CSSQueryHandler.waitFor (/Users/isaacdomini/code/smymcolumbuschallenge/node_modules/puppeteer-core/src/common/QueryHandler.ts:171:50)
      at async CdpFrame.waitForSelector (/Users/isaacdomini/code/smymcolumbuschallenge/node_modules/puppeteer-core/src/api/Frame.ts:743:13)
      at async CdpPage.waitForSelector (/Users/isaacdomini/code/smymcolumbuschallenge/node_modules/puppeteer-core/src/api/Page.ts:3053:12)
      at async runBrowserTests (/Users/isaacdomini/code/smymcolumbuschallenge/scripts/browser_integration_test.ts:260:5)
}

--- Cleanup ---
Cleanup completed successfully.
